# serializer version: 1
# name: test_no_token_in_the_output
  dict({
    'entry': dict({
      'data': dict({
        'accountNumber': '**REDACTED**',
        'nmi': '**REDACTED**',
        'token': '**REDACTED**',
      }),
      'options': dict({
        'spotPrices': True,
      }),
      'title': '**REDACTED**',
      'unique_id': '**REDACTED**',
    }),
    'limits': dict({
      'X-DailyLimit-Remaining': None,
      'X-RateLimit-Remaining': None,
    }),
    'loop': dict({
      'T': '2026-10-01T02:25:00Z',
      'holds': 0,
      'state': 'arm',
      'subscriberCount': 1,
    }),
    'signals': dict({
      'account': dict({
        'accountNumber': '**REDACTED**',
        'accountState': 'ACTIVE',
        'fault': None,
        'productName': 'Solar Sharer',
        'region': 'Ausgrid',
        'status': 'ok',
        'timeZone': 'Australia/Sydney',
        'tokenExpiresAt': None,
        'tokenExpiringSoon': None,
        'tokenScope': None,
      }),
      'energy': dict({
        'dayCount': 0,
        'fault': None,
        'intervalCount': 1,
        'latestIntervalEnd': '2026-09-29T01:30:00Z',
        'nmi': '**REDACTED**',
        'status': 'ok',
      }),
      'price': dict({
        'centsPerKwh': 8.4321,
        'fault': None,
        'forecast': dict({
          'ahead': None,
          'nextHour': dict({
            'from': '2026-10-01T02:30:00Z',
            'maxCentsPerKwh': 34.9,
            'minCentsPerKwh': 9.1,
            'points': list([
              dict({
                'centsPerKwh': 9.1,
                'start': '2026-10-01T02:30:00Z',
              }),
              dict({
                'centsPerKwh': 9.8,
                'start': '2026-10-01T02:35:00Z',
              }),
              dict({
                'centsPerKwh': 10.4,
                'start': '2026-10-01T02:40:00Z',
              }),
              dict({
                'centsPerKwh': 12,
                'start': '2026-10-01T02:45:00Z',
              }),
              dict({
                'centsPerKwh': 15.5,
                'start': '2026-10-01T02:50:00Z',
              }),
              dict({
                'centsPerKwh': 22.3,
                'start': '2026-10-01T02:55:00Z',
              }),
              dict({
                'centsPerKwh': 34.9,
                'start': '2026-10-01T03:00:00Z',
              }),
              dict({
                'centsPerKwh': 28.1,
                'start': '2026-10-01T03:05:00Z',
              }),
              dict({
                'centsPerKwh': 19.7,
                'start': '2026-10-01T03:10:00Z',
              }),
              dict({
                'centsPerKwh': 14.2,
                'start': '2026-10-01T03:15:00Z',
              }),
              dict({
                'centsPerKwh': 11,
                'start': '2026-10-01T03:20:00Z',
              }),
              dict({
                'centsPerKwh': 9.6,
                'start': '2026-10-01T03:25:00Z',
              }),
            ]),
            'publishedAt': '2026-10-01T02:30:00Z',
            'tier': 'Elevated',
            'to': '2026-10-01T03:30:00Z',
          }),
        }),
        'intervalStart': '2026-10-01T02:25:00Z',
        'negative': False,
        'priceHigh': False,
        'priceLow': False,
        'status': 'ok',
        'tier': 'Normal',
      }),
      'tariff': dict({
        'fault': None,
        'nextChange': '2026-10-01T04:00:00Z',
        'offPeak': True,
        'peak': False,
        'period': dict({
          'band': 'offPeak',
          'blocks': list([
            dict({
              'fromKwh': 0,
              'rateCentsPerKwh': 0.0,
              'toKwh': 24,
            }),
            dict({
              'fromKwh': 24,
              'rateCentsPerKwh': 27.5,
              'toKwh': None,
            }),
          ]),
          'end': '2026-10-01T04:00:00Z',
          'kwhLimit': 24,
          'name': 'Solar Soak',
          'rateAfterLimitCentsPerKwh': 27.5,
          'rateCentsPerKwh': 0.0,
          'start': '2026-10-01T01:00:00Z',
          'wholesaleCapCentsPerKwh': None,
          'wholesaleLinked': False,
        }),
        'schedule': list([
          dict({
            'band': 'shoulder',
            'blocks': list([
              dict({
                'fromKwh': 0,
                'rateCentsPerKwh': 22.0,
                'toKwh': None,
              }),
            ]),
            'endMinute': 360,
            'kwhLimit': None,
            'name': 'Overnight',
            'rateAfterLimitCentsPerKwh': None,
            'rateCentsPerKwh': 22.0,
            'startMinute': 0,
            'wholesaleCapCentsPerKwh': None,
            'wholesaleLinked': False,
          }),
          dict({
            'band': 'shoulder',
            'blocks': list([
              dict({
                'fromKwh': 0,
                'rateCentsPerKwh': 33.0,
                'toKwh': None,
              }),
            ]),
            'endMinute': 660,
            'kwhLimit': None,
            'name': 'Day',
            'rateAfterLimitCentsPerKwh': None,
            'rateCentsPerKwh': 33.0,
            'startMinute': 360,
            'wholesaleCapCentsPerKwh': None,
            'wholesaleLinked': False,
          }),
          dict({
            'band': 'offPeak',
            'blocks': list([
              dict({
                'fromKwh': 0,
                'rateCentsPerKwh': 0.0,
                'toKwh': 24,
              }),
              dict({
                'fromKwh': 24,
                'rateCentsPerKwh': 27.5,
                'toKwh': None,
              }),
            ]),
            'endMinute': 840,
            'kwhLimit': 24,
            'name': 'Solar Soak',
            'rateAfterLimitCentsPerKwh': 27.5,
            'rateCentsPerKwh': 0.0,
            'startMinute': 660,
            'wholesaleCapCentsPerKwh': None,
            'wholesaleLinked': False,
          }),
          dict({
            'band': 'peak',
            'blocks': list([
              dict({
                'fromKwh': 0,
                'rateCentsPerKwh': 44.0,
                'toKwh': None,
              }),
            ]),
            'endMinute': 1320,
            'kwhLimit': None,
            'name': 'Evening',
            'rateAfterLimitCentsPerKwh': None,
            'rateCentsPerKwh': 44.0,
            'startMinute': 840,
            'wholesaleCapCentsPerKwh': None,
            'wholesaleLinked': False,
          }),
          dict({
            'band': 'shoulder',
            'blocks': list([
              dict({
                'fromKwh': 0,
                'rateCentsPerKwh': 22.0,
                'toKwh': None,
              }),
            ]),
            'endMinute': 1440,
            'kwhLimit': None,
            'name': 'Overnight',
            'rateAfterLimitCentsPerKwh': None,
            'rateCentsPerKwh': 22.0,
            'startMinute': 1320,
            'wholesaleCapCentsPerKwh': None,
            'wholesaleLinked': False,
          }),
        ]),
        'spotLinked': False,
        'status': 'ok',
        'structure': 'timeOfUse',
      }),
    }),
    'snapshots': dict({
      'account': dict({
        'error': None,
        'fetchedAt': '2026-10-01T02:29:00Z',
      }),
      'meters': dict({
        'error': None,
        'fetchedAt': '2026-10-01T02:29:00Z',
      }),
      'outlook': dict({
        'body': dict({
          'ahead': None,
          'aheadPeak': None,
          'baseline': dict({
            'extremeFenceCentsPerKwh': 52,
            'from': '2026-09-24T12:27:00+10:00',
            'highFenceCentsPerKwh': 31,
            'intervals': 2016,
            'lowFenceCentsPerKwh': -25,
            'lowerQuartileCentsPerKwh': -4,
            'medianCentsPerKwh': 8.1,
            'to': '2026-10-01T12:27:00+10:00',
            'upperQuartileCentsPerKwh': 10,
          }),
          'nextHour': dict({
            'from': '2026-10-01T12:30:00+10:00',
            'maxCentsPerKwh': 34.9,
            'minCentsPerKwh': 9.1,
            'points': list([
              dict({
                'averageCentsPerKwh': 9.1,
                'intervals': 1,
                'maxCentsPerKwh': 9.1,
                'minCentsPerKwh': 9.1,
                'region': 'NSW1',
                'time': '2026-10-01T12:30:00+10:00',
              }),
              dict({
                'averageCentsPerKwh': 9.8,
                'intervals': 1,
                'maxCentsPerKwh': 9.8,
                'minCentsPerKwh': 9.8,
                'region': 'NSW1',
                'time': '2026-10-01T12:35:00+10:00',
              }),
              dict({
                'averageCentsPerKwh': 10.4,
                'intervals': 1,
                'maxCentsPerKwh': 10.4,
                'minCentsPerKwh': 10.4,
                'region': 'NSW1',
                'time': '2026-10-01T12:40:00+10:00',
              }),
              dict({
                'averageCentsPerKwh': 12,
                'intervals': 1,
                'maxCentsPerKwh': 12,
                'minCentsPerKwh': 12,
                'region': 'NSW1',
                'time': '2026-10-01T12:45:00+10:00',
              }),
              dict({
                'averageCentsPerKwh': 15.5,
                'intervals': 1,
                'maxCentsPerKwh': 15.5,
                'minCentsPerKwh': 15.5,
                'region': 'NSW1',
                'time': '2026-10-01T12:50:00+10:00',
              }),
              dict({
                'averageCentsPerKwh': 22.3,
                'intervals': 1,
                'maxCentsPerKwh': 22.3,
                'minCentsPerKwh': 22.3,
                'region': 'NSW1',
                'time': '2026-10-01T12:55:00+10:00',
              }),
              dict({
                'averageCentsPerKwh': 34.9,
                'intervals': 1,
                'maxCentsPerKwh': 34.9,
                'minCentsPerKwh': 34.9,
                'region': 'NSW1',
                'time': '2026-10-01T13:00:00+10:00',
              }),
              dict({
                'averageCentsPerKwh': 28.1,
                'intervals': 1,
                'maxCentsPerKwh': 28.1,
                'minCentsPerKwh': 28.1,
                'region': 'NSW1',
                'time': '2026-10-01T13:05:00+10:00',
              }),
              dict({
                'averageCentsPerKwh': 19.7,
                'intervals': 1,
                'maxCentsPerKwh': 19.7,
                'minCentsPerKwh': 19.7,
                'region': 'NSW1',
                'time': '2026-10-01T13:10:00+10:00',
              }),
              dict({
                'averageCentsPerKwh': 14.2,
                'intervals': 1,
                'maxCentsPerKwh': 14.2,
                'minCentsPerKwh': 14.2,
                'region': 'NSW1',
                'time': '2026-10-01T13:15:00+10:00',
              }),
              dict({
                'averageCentsPerKwh': 11,
                'intervals': 1,
                'maxCentsPerKwh': 11,
                'minCentsPerKwh': 11,
                'region': 'NSW1',
                'time': '2026-10-01T13:20:00+10:00',
              }),
              dict({
                'averageCentsPerKwh': 9.6,
                'intervals': 1,
                'maxCentsPerKwh': 9.6,
                'minCentsPerKwh': 9.6,
                'region': 'NSW1',
                'time': '2026-10-01T13:25:00+10:00',
              }),
            ]),
            'publishedAt': '2026-10-01T12:30:00+10:00',
            'to': '2026-10-01T13:30:00+10:00',
          }),
          'nextHourPeak': dict({
            'aboveHighFenceCentsPerKwh': 3.9,
            'centsPerKwh': 34.9,
            'multipleOfMedian': 4.31,
            'tier': 'Elevated',
          }),
          'now': dict({
            'averageCentsPerKwh': 8.4321,
            'intervals': 1,
            'maxCentsPerKwh': 8.4321,
            'minCentsPerKwh': 8.4321,
            'region': 'NSW1',
            'time': '2026-10-01T12:25:00+10:00',
          }),
          'nowAssessment': dict({
            'aboveHighFenceCentsPerKwh': 0,
            'centsPerKwh': 8.4321,
            'multipleOfMedian': 1.04,
            'tier': 'Normal',
          }),
          'region': 'NSW1',
        }),
        'error': None,
        'fetchedAt': '2026-10-01T02:29:00Z',
      }),
      'tokens': dict({
        'error': None,
        'fetchedAt': '2026-10-01T02:29:00Z',
      }),
      'usage_daily': dict({
        'error': None,
        'fetchedAt': '2026-10-01T02:29:00Z',
      }),
      'usage_half_hourly': dict({
        'error': None,
        'fetchedAt': '2026-10-01T02:29:00Z',
      }),
    }),
    'statistics': dict({
      'cost_unknown_hours': list([
      ]),
      'feed_in_unknown_hours': list([
      ]),
      'missing_hours': list([
      ]),
      'statistics': list([
        'grid_import',
        'solar_export',
        'controlled_load',
        'usage_cost',
        'feed_in_credit',
      ]),
    }),
    'zones': list([
      'Australia/Sydney',
    ]),
  })
# ---
